<html>
<body>
<pre>
<h1>µVision Build Log</h1>
<h2>Project:</h2>
C:\Work\Vars\20130909_LinearGuideMainController\LinearGuideMainController_Firmware\Project\MainController.uvproj
Project File Date:  09/09/2013

<h2>Output:</h2>
Rebuild target 'MainController'
compiling main.c...
source\user\main.c(109): warning:  #128-D: loop is not reachable
source\user\main.c(112): warning:  #111-D: statement is unreachable
source\user\main.c(129): warning:  #111-D: statement is unreachable
assembling startup_stm32f4xx.s...
compiling stm32f4xx_it.c...
compiling system_stm32f4xx.c...
compiling misc.c...
compiling stm32f4xx_adc.c...
compiling stm32f4xx_can.c...
compiling stm32f4xx_crc.c...
compiling stm32f4xx_cryp.c...
compiling stm32f4xx_cryp_aes.c...
compiling stm32f4xx_cryp_des.c...
compiling stm32f4xx_cryp_tdes.c...
compiling stm32f4xx_dac.c...
compiling stm32f4xx_dbgmcu.c...
compiling stm32f4xx_dcmi.c...
compiling stm32f4xx_dma.c...
compiling stm32f4xx_exti.c...
compiling stm32f4xx_flash.c...
compiling stm32f4xx_fsmc.c...
compiling stm32f4xx_gpio.c...
compiling stm32f4xx_hash.c...
compiling stm32f4xx_hash_md5.c...
compiling stm32f4xx_hash_sha1.c...
compiling stm32f4xx_i2c.c...
compiling stm32f4xx_iwdg.c...
compiling stm32f4xx_pwr.c...
compiling stm32f4xx_rcc.c...
compiling stm32f4xx_rng.c...
compiling stm32f4xx_rtc.c...
compiling stm32f4xx_sdio.c...
compiling stm32f4xx_spi.c...
compiling stm32f4xx_syscfg.c...
compiling stm32f4xx_tim.c...
compiling stm32f4xx_usart.c...
compiling stm32f4xx_wwdg.c...
linking...
Program Size: Code=9024 RO-data=424 RW-data=44 ZI-data=1028  
FromELF: creating hex file...
".\output\MainController.axf" - 0 Error(s), 3 Warning(s).
Build target 'MainController'
compiling main.c...
source\user\main.c(109): warning:  #128-D: loop is not reachable
source\user\main.c(112): warning:  #111-D: statement is unreachable
source\user\main.c(129): warning:  #111-D: statement is unreachable
linking...
Program Size: Code=9044 RO-data=424 RW-data=44 ZI-data=1028  
FromELF: creating hex file...
".\output\MainController.axf" - 0 Error(s), 3 Warning(s).
Build target 'MainController'
compiling main.c...
source\user\main.c(109): warning:  #128-D: loop is not reachable
source\user\main.c(112): warning:  #111-D: statement is unreachable
source\user\main.c(129): warning:  #111-D: statement is unreachable
linking...
Program Size: Code=9044 RO-data=424 RW-data=44 ZI-data=1028  
FromELF: creating hex file...
".\output\MainController.axf" - 0 Error(s), 3 Warning(s).
Load "C:\\Work\\Vars\\20130909_LinearGuideMainController\\LinearGuideMainController_Firmware\\Project\\output\\MainController.axf" 
Erase Done.
Programming Done.
Verify OK.
Application running ...
Build target 'MainController'
compiling main.c...
source\user\main.c(111): warning:  #111-D: statement is unreachable
source\user\main.c(128): warning:  #111-D: statement is unreachable
linking...
Program Size: Code=9096 RO-data=424 RW-data=48 ZI-data=1024  
FromELF: creating hex file...
".\output\MainController.axf" - 0 Error(s), 2 Warning(s).
Load "C:\\Work\\Vars\\20130909_LinearGuideMainController\\LinearGuideMainController_Firmware\\Project\\output\\MainController.axf" 
Erase Done.
Programming Done.
Verify OK.
Application running ...
Build target 'MainController'
compiling main.c...
source\user\main.c(111): warning:  #111-D: statement is unreachable
source\user\main.c(119): warning:  #128-D: loop is not reachable
source\user\main.c(133): warning:  #111-D: statement is unreachable
linking...
Program Size: Code=9096 RO-data=424 RW-data=48 ZI-data=1024  
FromELF: creating hex file...
".\output\MainController.axf" - 0 Error(s), 3 Warning(s).
Build target 'MainController'
compiling main.c...
source\user\main.c(111): warning:  #111-D: statement is unreachable
source\user\main.c(118): warning:  #128-D: loop is not reachable
source\user\main.c(132): warning:  #111-D: statement is unreachable
linking...
Program Size: Code=9096 RO-data=424 RW-data=48 ZI-data=1024  
FromELF: creating hex file...
".\output\MainController.axf" - 0 Error(s), 3 Warning(s).
Build target 'MainController'
compiling main.c...
source\user\main.c(111): warning:  #111-D: statement is unreachable
source\user\main.c(119): warning:  #128-D: loop is not reachable
source\user\main.c(133): warning:  #111-D: statement is unreachable
linking...
Program Size: Code=9096 RO-data=424 RW-data=48 ZI-data=1024  
FromELF: creating hex file...
".\output\MainController.axf" - 0 Error(s), 3 Warning(s).
Load "C:\\Work\\Vars\\20130909_LinearGuideMainController\\LinearGuideMainController_Firmware\\Project\\output\\MainController.axf" 
Erase Done.
Programming Done.
Verify OK.
Application running ...
Build target 'MainController'
compiling main.c...
source\user\main.c(117): warning:  #128-D: loop is not reachable
source\user\main.c(131): warning:  #111-D: statement is unreachable
linking...
Program Size: Code=9552 RO-data=424 RW-data=48 ZI-data=1024  
FromELF: creating hex file...
".\output\MainController.axf" - 0 Error(s), 2 Warning(s).
Load "C:\\Work\\Vars\\20130909_LinearGuideMainController\\LinearGuideMainController_Firmware\\Project\\output\\MainController.axf" 
Erase Done.
Programming Done.
Verify OK.
Application running ...
Build target 'MainController'
compiling main.c...
source\user\main.c(119): warning:  #128-D: loop is not reachable
source\user\main.c(133): warning:  #111-D: statement is unreachable
linking...
Program Size: Code=9564 RO-data=424 RW-data=48 ZI-data=1024  
FromELF: creating hex file...
".\output\MainController.axf" - 0 Error(s), 2 Warning(s).
Load "C:\\Work\\Vars\\20130909_LinearGuideMainController\\LinearGuideMainController_Firmware\\Project\\output\\MainController.axf" 
Erase Done.
Programming Done.
Verify OK.
Application running ...
