<html>
<body>
<pre>
<h1>µVision Build Log</h1>
<h2>Project:</h2>
C:\Work\Vars\20130909_LinearGuideMainController\LinearGuideMainController_Firmware\Project\MainController.uvproj
Project File Date:  09/10/2013

<h2>Output:</h2>
Build target 'MainController'
compiling main.c...
source\user\main.c(132): warning:  #128-D: loop is not reachable
compiling serialcom.c...
source\user\serialcom.c(82): warning:  #550-D: variable "dummyData" was set but never used
linking...
Program Size: Code=10300 RO-data=560 RW-data=68 ZI-data=1228  
FromELF: creating hex file...
".\output\MainController.axf" - 0 Error(s), 2 Warning(s).
Build target 'MainController'
compiling main.c...
source\user\main.c(143): error:  #29: expected an expression
source\user\main.c(143): warning:  #224-D: the format string requires additional arguments
source\user\main.c(151): warning:  #128-D: loop is not reachable
compiling stepper.c...
compiling stm32f4xx_it.c...
Target not created
Build target 'MainController'
compiling main.c...
source\user\main.c(151): warning:  #128-D: loop is not reachable
linking...
Program Size: Code=10364 RO-data=560 RW-data=68 ZI-data=1228  
FromELF: creating hex file...
".\output\MainController.axf" - 0 Error(s), 1 Warning(s).
Build target 'MainController'
compiling main.c...
source\user\main.c(151): warning:  #128-D: loop is not reachable
linking...
Program Size: Code=13922 RO-data=558 RW-data=68 ZI-data=1228  
FromELF: creating hex file...
".\output\MainController.axf" - 0 Error(s), 1 Warning(s).
Build target 'MainController'
compiling main.c...
source\user\main.c(155): warning:  #128-D: loop is not reachable
compiling stepper.c...
source\user\stepper.c(195): warning:  #940-D: missing return statement at end of non-void function "getPosition"
source\user\stepper.c(317): error:  #20: identifier "RESET_QEI_FEEDBACK" is undefined
compiling stm32f4xx_it.c...
Target not created
Build target 'MainController'
compiling stepper.c...
source\user\stepper.c(195): warning:  #940-D: missing return statement at end of non-void function "getPosition"
linking...
Program Size: Code=13978 RO-data=558 RW-data=72 ZI-data=1224  
FromELF: creating hex file...
".\output\MainController.axf" - 0 Error(s), 1 Warning(s).
Build target 'MainController'
compiling stepper.c...
source\user\stepper.c(177): warning:  #1035-D: single-precision operand implicitly converted to double-precision
source\user\stepper.c(200): warning:  #1035-D: single-precision operand implicitly converted to double-precision
linking...
Program Size: Code=14422 RO-data=558 RW-data=72 ZI-data=1224  
FromELF: creating hex file...
".\output\MainController.axf" - 0 Error(s), 2 Warning(s).
Rebuild target 'MainController'
compiling main.c...
source\user\main.c(155): warning:  #128-D: loop is not reachable
compiling stepper.c...
compiling serialcom.c...
source\user\serialcom.c(82): warning:  #550-D: variable "dummyData" was set but never used
assembling startup_stm32f4xx.s...
compiling stm32f4xx_it.c...
compiling system_stm32f4xx.c...
compiling misc.c...
compiling stm32f4xx_adc.c...
compiling stm32f4xx_can.c...
compiling stm32f4xx_crc.c...
compiling stm32f4xx_cryp.c...
compiling stm32f4xx_cryp_aes.c...
compiling stm32f4xx_cryp_des.c...
compiling stm32f4xx_cryp_tdes.c...
compiling stm32f4xx_dac.c...
compiling stm32f4xx_dbgmcu.c...
compiling stm32f4xx_dcmi.c...
compiling stm32f4xx_dma.c...
compiling stm32f4xx_exti.c...
compiling stm32f4xx_flash.c...
compiling stm32f4xx_fsmc.c...
compiling stm32f4xx_gpio.c...
compiling stm32f4xx_hash.c...
compiling stm32f4xx_hash_md5.c...
compiling stm32f4xx_hash_sha1.c...
compiling stm32f4xx_i2c.c...
compiling stm32f4xx_iwdg.c...
compiling stm32f4xx_pwr.c...
compiling stm32f4xx_rcc.c...
compiling stm32f4xx_rng.c...
compiling stm32f4xx_rtc.c...
compiling stm32f4xx_sdio.c...
compiling stm32f4xx_spi.c...
compiling stm32f4xx_syscfg.c...
compiling stm32f4xx_tim.c...
compiling stm32f4xx_usart.c...
compiling stm32f4xx_wwdg.c...
linking...
Program Size: Code=14058 RO-data=558 RW-data=72 ZI-data=1224  
FromELF: creating hex file...
".\output\MainController.axf" - 0 Error(s), 2 Warning(s).
Build target 'MainController'
compiling main.c...
source\user\main.c(155): warning:  #128-D: loop is not reachable
linking...
Program Size: Code=14138 RO-data=558 RW-data=72 ZI-data=1224  
FromELF: creating hex file...
".\output\MainController.axf" - 0 Error(s), 1 Warning(s).
Build target 'MainController'
compiling stepper.c...
linking...
Program Size: Code=14150 RO-data=558 RW-data=72 ZI-data=1224  
FromELF: creating hex file...
".\output\MainController.axf" - 0 Error(s), 0 Warning(s).
